node:internal/process/promises:394
    triggerUncaughtException(err, true /* fromPromise */);
    ^

AggregateError [ECONNREFUSED]: 
    at internalConnectMultiple (node:net:1193:18)
    at afterConnectMultiple (node:net:1783:7) {
  code: 'ECONNREFUSED',
  '$metadata': { attempts: 3, totalRetryDelay: 252 },
  [errors]: [
    Error: connect ECONNREFUSED ::1:9000
        at createConnectionError (node:net:1746:14)
        at afterConnectMultiple (node:net:1776:16) {
      errno: -4078,
      code: 'ECONNREFUSED',
      syscall: 'connect',
      address: '::1',
      port: 9000
    },
    Error: connect ECONNREFUSED 127.0.0.1:9000
        at createConnectionError (node:net:1746:14)
        at afterConnectMultiple (node:net:1776:16) {
      errno: -4078,
      code: 'ECONNREFUSED',
      syscall: 'connect',
      address: '127.0.0.1',
      port: 9000
    }
  ]
}

Node.js v24.15.0
node:internal/process/promises:394
    triggerUncaughtException(err, true /* fromPromise */);
    ^

AggregateError [ECONNREFUSED]: 
    at internalConnectMultiple (node:net:1193:18)
    at afterConnectMultiple (node:net:1783:7) {
  code: 'ECONNREFUSED',
  '$metadata': { attempts: 3, totalRetryDelay: 116 },
  [errors]: [
    Error: connect ECONNREFUSED ::1:9000
        at createConnectionError (node:net:1746:14)
        at afterConnectMultiple (node:net:1776:16) {
      errno: -4078,
      code: 'ECONNREFUSED',
      syscall: 'connect',
      address: '::1',
      port: 9000
    },
    Error: connect ECONNREFUSED 127.0.0.1:9000
        at createConnectionError (node:net:1746:14)
        at afterConnectMultiple (node:net:1776:16) {
      errno: -4078,
      code: 'ECONNREFUSED',
      syscall: 'connect',
      address: '127.0.0.1',
      port: 9000
    }
  ]
}

Node.js v24.15.0
node:internal/process/promises:394
    triggerUncaughtException(err, true /* fromPromise */);
    ^

AggregateError [ECONNREFUSED]: 
    at internalConnectMultiple (node:net:1193:18)
    at afterConnectMultiple (node:net:1783:7) {
  code: 'ECONNREFUSED',
  '$metadata': { attempts: 3, totalRetryDelay: 107 },
  [errors]: [
    Error: connect ECONNREFUSED ::1:9000
        at createConnectionError (node:net:1746:14)
        at afterConnectMultiple (node:net:1776:16) {
      errno: -4078,
      code: 'ECONNREFUSED',
      syscall: 'connect',
      address: '::1',
      port: 9000
    },
    Error: connect ECONNREFUSED 127.0.0.1:9000
        at createConnectionError (node:net:1746:14)
        at afterConnectMultiple (node:net:1776:16) {
      errno: -4078,
      code: 'ECONNREFUSED',
      syscall: 'connect',
      address: '127.0.0.1',
      port: 9000
    }
  ]
}

Node.js v24.15.0
node:internal/process/promises:394
    triggerUncaughtException(err, true /* fromPromise */);
    ^

AggregateError [ECONNREFUSED]: 
    at internalConnectMultiple (node:net:1193:18)
    at afterConnectMultiple (node:net:1783:7) {
  code: 'ECONNREFUSED',
  '$metadata': { attempts: 3, totalRetryDelay: 171 },
  [errors]: [
    Error: connect ECONNREFUSED ::1:9000
        at createConnectionError (node:net:1746:14)
        at afterConnectMultiple (node:net:1776:16) {
      errno: -4078,
      code: 'ECONNREFUSED',
      syscall: 'connect',
      address: '::1',
      port: 9000
    },
    Error: connect ECONNREFUSED 127.0.0.1:9000
        at createConnectionError (node:net:1746:14)
        at afterConnectMultiple (node:net:1776:16) {
      errno: -4078,
      code: 'ECONNREFUSED',
      syscall: 'connect',
      address: '127.0.0.1',
      port: 9000
    }
  ]
}

Node.js v24.15.0
